[dotenv@17.2.3] injecting env (4) from .env -- tip: ­şøá´©Å  run anywhere with `dotenvx run -- yourcommand`
--- Test Configuration ---
URL: http://127.0.0.1:54321/functions/v1/chat
Key defined: true
Key length: 46
Key start: sb_pu
--------------------------
­şÜÇ Sending POST request...
­şôÑ Status: 401 Unauthorized
­şôä Response Body:
{"msg":"Error: Missing authorization header"}
npx : ÔØî Request failed.
At line:1 char:1
+ npx tsx test_chat_v2.ts > test_output.txt 
2>&1
+ ~~~~~~~~~~~~~~~~~~~~~~~~~~~~~~~~~~~~~~~~~~
~~~~
    + CategoryInfo          : NotSpecified: 
    (ÔØî Request failed.:String) [], Remot  
  eException
    + FullyQualifiedErrorId : NativeCommand 
   Error
 
